FAIL chromium-desktop-light: 26 differences
FAIL chromium-desktop-light Expected values to be strictly equal:
+ actual - expected

+ 'Identity - DK Legacy'
- 'Identity · DK Legacy Admin'
            ^

FAIL chromium-desktop-dark: 26 differences
FAIL chromium-desktop-dark Expected values to be strictly equal:
+ actual - expected

+ 'Identity - DK Legacy'
- 'Identity · DK Legacy Admin'
            ^

FAIL chromium-phone-light locator.click: Timeout 10000ms exceeded.
Call log:
[2m  - waiting for locator('[data-theme="light"]')[22m
[2m    - locator resolved to <button class="theme-opt" data-theme="light" title="Light theme" aria-pressed="false" aria-label="Light theme">…</button>[22m
[2m  - attempting click action[22m
[2m    - waiting for element to be visible, enabled and stable[22m
[2m    - element is visible, enabled and stable[22m
[2m    - scrolling into view if needed[22m
[2m    - done scrolling[22m
[2m    - <button tabindex="-1" data-side-scrim="" class="nav-scrim is-on" aria-label="Close navigation"></button> intercepts pointer events[22m
[2m  - retrying click action[22m
[2m    - waiting for element to be visible, enabled and stable[22m
[2m    - element is visible, enabled and stable[22m
[2m    - scrolling into view if needed[22m
[2m    - done scrolling[22m
[2m    - <button data-side-toggle="" aria-expanded="true" class="icon-btn collapse-btn" aria-label="Close navigation">…</button> from <aside data-shell-sidebar="" id="admin-design-sidebar" class="side is-mobile-open" aria-label="Administration">…</aside> subtree intercepts pointer events[22m
[2m  - retrying click action[22m
[2m    - waiting 20ms[22m
[2m    2 × waiting for element to be visible, enabled and stable[22m
[2m      - element is visible, enabled and stable[22m
[2m      - scrolling into view if needed[22m
[2m      - done scrolling[22m
[2m      - <button title="Account" class="account-btn" aria-haspopup="menu" aria-expanded="false" data-menu-target="admin-account-menu">…</button> from <aside data-shell-sidebar="" id="admin-design-sidebar" class="side is-mobile-open" aria-label="Administration">…</aside> subtree intercepts pointer events[22m
[2m    - retrying click action[22m
[2m      - waiting 100ms[22m
[2m    19 × waiting for element to be visible, enabled and stable[22m
[2m       - element is visible, enabled and stable[22m
[2m       - scrolling into view if needed[22m
[2m       - done scrolling[22m
[2m       - <button title="Account" class="account-btn" aria-haspopup="menu" aria-expanded="false" data-menu-target="admin-account-menu">…</button> from <aside data-shell-sidebar="" id="admin-design-sidebar" class="side is-mobile-open" aria-label="Administration">…</aside> subtree intercepts pointer events[22m
[2m     - retrying click action[22m
[2m       - waiting 500ms[22m

FAIL chromium-mobile-preferences page.waitForFunction: Timeout 10000ms exceeded.
FAIL chromium-dirty: 4 differences
FAIL chromium-dirty-discard locator.click: Timeout 10000ms exceeded.
Call log:
[2m  - waiting for locator('.crumb-btn')[22m

FAIL chromium-timezone-note: 2 differences
FAIL chromium-timezone-dialog: 38 differences
FAIL chromium-validation: 6 differences
FAIL chromium-busy: 7 differences
FAIL chromium-saved-toast: 8 differences
FAIL chromium-busy-saved-toast Expected values to be strictly equal:

false !== true

FAIL chromium-finalized: 3 differences
FAIL chromium-archived: 3 differences
FAIL chromium-cancelled: 3 differences
FAIL chromium-live: 4 differences
FAIL chromium-collapsed-menus locator.click: Timeout 30000ms exceeded.
Call log:
[2m  - waiting for locator('.collapse-btn')[22m
[2m    - locator resolved to <button data-dc-tpl="18" aria-expanded="false" title="Close navigation" class="icon-btn collapse-btn" aria-label="Close navigation">…</button>[22m
[2m  - attempting click action[22m
[2m    2 × waiting for element to be visible, enabled and stable[22m
[2m      - element is not visible[22m
[2m    - retrying click action[22m
[2m    - waiting 20ms[22m
[2m    2 × waiting for element to be visible, enabled and stable[22m
[2m      - element is not visible[22m
[2m    - retrying click action[22m
[2m      - waiting 100ms[22m
[2m    58 × waiting for element to be visible, enabled and stable[22m
[2m       - element is not visible[22m
[2m     - retrying click action[22m
[2m       - waiting 500ms[22m

FAIL chromium-uncertain: 6 differences
FAIL chromium-uncertain-checking locator.click: Timeout 10000ms exceeded.
Call log:
[2m  - waiting for locator('.crumb-btn')[22m

FAIL chromium-up-to-date: 5 differences
FAIL chromium-conflict: 5 differences
FAIL chromium-phone-toast: 6 differences
FAIL chromium-phone-toast-save Q5 toast never covers Save

false !== true

FAIL chromium-skeleton: 4 differences
FAIL chromium-loading-failure Expected values to be strictly equal:
+ actual - expected

+ 'Autumn Bingo 2027'
- 'Winter Bingo 2027'

FAIL chromium-copied: 5 differences
FAIL chromium-copy-failed: 3 differences
FAIL chromium-copy Expected values to be strictly equal:
+ actual - expected

+ ''
- 'http://127.0.0.1:59500/Events/autumn-bingo-2027/Signups'

FAIL chromium-served-language locator.waitFor: Timeout 10000ms exceeded.
Call log:
[2m  - waiting for getByRole('alertdialog') to be visible[22m

FAIL chromium-served-navigation fingerprinted layout swaps without full reload
+ actual - expected

+ undefined
- 'retained'

FAIL webkit-desktop-light: 26 differences
FAIL webkit-desktop-light Expected values to be strictly equal:
+ actual - expected

+ 'Identity - DK Legacy'
- 'Identity · DK Legacy Admin'
            ^

FAIL webkit-desktop-dark: 26 differences
FAIL webkit-desktop-dark Expected values to be strictly equal:
+ actual - expected

+ 'Identity - DK Legacy'
- 'Identity · DK Legacy Admin'
            ^

FAIL webkit-phone-light locator.click: Timeout 10000ms exceeded.
Call log:
[2m  - waiting for locator('[data-theme="light"]')[22m
[2m    - locator resolved to <button class="theme-opt" data-theme="light" title="Light theme" aria-pressed="false" aria-label="Light theme">…</button>[22m
[2m  - attempting click action[22m
[2m    - waiting for element to be visible, enabled and stable[22m
[2m    - element is visible, enabled and stable[22m
[2m    - scrolling into view if needed[22m
[2m    - done scrolling[22m
[2m    - <button tabindex="-1" data-side-scrim="" class="nav-scrim is-on" aria-label="Close navigation"></button> intercepts pointer events[22m
[2m  - retrying click action[22m
[2m    - waiting for element to be visible, enabled and stable[22m
[2m    - element is visible, enabled and stable[22m
[2m    - scrolling into view if needed[22m
[2m    - done scrolling[22m
[2m    - <button data-side-toggle="" aria-expanded="true" class="icon-btn collapse-btn" aria-label="Close navigation">…</button> from <aside data-shell-sidebar="" id="admin-design-sidebar" class="side is-mobile-open" aria-label="Administration">…</aside> subtree intercepts pointer events[22m
[2m  - retrying click action[22m
[2m    - waiting 20ms[22m
[2m    2 × waiting for element to be visible, enabled and stable[22m
[2m      - element is visible, enabled and stable[22m
[2m      - scrolling into view if needed[22m
[2m      - done scrolling[22m
[2m      - <button title="Account" class="account-btn" aria-haspopup="menu" aria-expanded="false" data-menu-target="admin-account-menu">…</button> from <aside data-shell-sidebar="" id="admin-design-sidebar" class="side is-mobile-open" aria-label="Administration">…</aside> subtree intercepts pointer events[22m
[2m    - retrying click action[22m
[2m      - waiting 100ms[22m
[2m    19 × waiting for element to be visible, enabled and stable[22m
[2m       - element is visible, enabled and stable[22m
[2m       - scrolling into view if needed[22m
[2m       - done scrolling[22m
[2m       - <button title="Account" class="account-btn" aria-haspopup="menu" aria-expanded="false" data-menu-target="admin-account-menu">…</button> from <aside data-shell-sidebar="" id="admin-design-sidebar" class="side is-mobile-open" aria-label="Administration">…</aside> subtree intercepts pointer events[22m
[2m     - retrying click action[22m
[2m       - waiting 500ms[22m

FAIL webkit-mobile-preferences page.waitForFunction: Timeout 10000ms exceeded.
FAIL webkit-dirty: 4 differences
FAIL webkit-dirty-discard locator.click: Timeout 10000ms exceeded.
Call log:
[2m  - waiting for locator('.crumb-btn')[22m

FAIL webkit-timezone-note: 2 differences
FAIL webkit-timezone locator.waitFor: Timeout 10000ms exceeded.
Call log:
[2m  - waiting for getByRole('alertdialog') to be visible[22m

FAIL webkit-validation: 6 differences
FAIL webkit-busy-saved-toast locator.waitFor: Timeout 10000ms exceeded.
Call log:
[2m  - waiting for locator('[data-identity-save][aria-busy=true]') to be visible[22m

FAIL webkit-finalized: 3 differences
FAIL webkit-archived: 3 differences
FAIL webkit-cancelled: 3 differences
FAIL webkit-live: 4 differences
FAIL webkit-collapsed-menus locator.click: Timeout 30000ms exceeded.
Call log:
[2m  - waiting for locator('.collapse-btn')[22m
[2m    - locator resolved to <button data-dc-tpl="18" aria-expanded="false" title="Close navigation" class="icon-btn collapse-btn" aria-label="Close navigation">…</button>[22m
[2m  - attempting click action[22m
[2m    2 × waiting for element to be visible, enabled and stable[22m
[2m      - element is not visible[22m
[2m    - retrying click action[22m
[2m    - waiting 20ms[22m
[2m    2 × waiting for element to be visible, enabled and stable[22m
[2m      - element is not visible[22m
[2m    - retrying click action[22m
[2m      - waiting 100ms[22m
[2m    58 × waiting for element to be visible, enabled and stable[22m
[2m       - element is not visible[22m
[2m     - retrying click action[22m
[2m       - waiting 500ms[22m

FAIL webkit-uncertain-checking locator.waitFor: Timeout 10000ms exceeded.
Call log:
[2m  - waiting for getByRole('button', { name: 'Check again', exact: true }) to be visible[22m

FAIL webkit-readback-states locator.waitFor: Timeout 10000ms exceeded.
Call log:
[2m  - waiting for getByRole('button', { name: 'Check again', exact: true }) to be visible[22m

FAIL webkit-phone-toast: 6 differences
FAIL webkit-phone-toast-save Q5 toast never covers Save

false !== true

FAIL webkit-skeleton: 4 differences
FAIL webkit-loading-failure Expected values to be strictly equal:
+ actual - expected

+ 'Autumn Bingo 2027'
- 'Winter Bingo 2027'

FAIL webkit-copied: 5 differences
FAIL webkit-copy-failed: 3 differences
FAIL webkit-copy Expected values to be strictly equal:
+ actual - expected

+ ''
- 'http://127.0.0.1:59500/Events/autumn-bingo-2027/Signups'

FAIL webkit-served-language locator.waitFor: Timeout 10000ms exceeded.
Call log:
[2m  - waiting for getByRole('alertdialog') to be visible[22m

FAIL webkit-served-navigation fingerprinted layout swaps without full reload
+ actual - expected

+ undefined
- 'retained'
