Running account-manage-dialog.test.js [default]
PASS account-manage-dialog.test.js [default]
Running account-support.browser.js [default]
PASS account-support.browser.js [default]
Running admin-confirmation-dismiss.browser.js [default]
PASS admin-confirmation-dismiss.browser.js [default]
Running admin-confirmation-navigation.browser.js [default]
PASS admin-confirmation-navigation.browser.js [default]
Running admin-confirmation.browser.js [default]
PASS admin-confirmation.browser.js [default]
Running admin-design-fetch.browser.js [chromium]
PASS admin-design-fetch.browser.js [chromium]
Running admin-design-fetch.browser.js [webkit]
PASS admin-design-fetch.browser.js [webkit]
Running admin-design-language.browser.js [chromium]
PASS admin-design-language.browser.js [chromium]
Running admin-design-language.browser.js [webkit]
PASS admin-design-language.browser.js [webkit]
Running admin-design-shell.browser.js [chromium]
PASS admin-design-shell.browser.js [chromium]
Running admin-design-shell.browser.js [webkit]
PASS admin-design-shell.browser.js [webkit]
Running admin-design-theme.browser.js [chromium]
PASS admin-design-theme.browser.js [chromium]
Running admin-design-theme.browser.js [webkit]
PASS admin-design-theme.browser.js [webkit]
Running admin-lifecycle-confirmation.browser.js [default]
PASS admin-lifecycle-confirmation.browser.js [default]
Running admin-review-queue.test.js [default]
PASS admin-review-queue.test.js [default]
Running admin-stale-change.browser.js [default]
PASS admin-stale-change.browser.js [default]
Running board-dialog.test.js [default]
PASS board-dialog.test.js [default]
Running board-objective-kind.test.js [default]
PASS board-objective-kind.test.js [default]
Running captain-ledger.test.js [default]
PASS captain-ledger.test.js [default]
Running catalogue-admin.test.js [default]
PASS catalogue-admin.test.js [default]
Running catalogue-deletion.browser.js [default]
PASS catalogue-deletion.browser.js [default]
Running draft-add-team-dialog.test.js [default]
PASS draft-add-team-dialog.test.js [default]
Running draft-roster-dialog.test.js [default]
PASS draft-roster-dialog.test.js [default]
Running drop-announcement-races.test.js [default]
PASS drop-announcement-races.test.js [default]
Running drop-announcement-reconciliation.test.js [default]
PASS drop-announcement-reconciliation.test.js [default]
Running drop-announcement.test.js [default]
PASS drop-announcement.test.js [default]
Running event-create-datetime.test.js [default]
PASS event-create-datetime.test.js [default]
Running identity-binding.browser.js [chromium]
PASS identity-binding.browser.js [chromium]
Running identity-binding.browser.js [webkit]
PASS identity-binding.browser.js [webkit]
Running identity-pointer-save.browser.js [chromium]
PASS identity-pointer-save.browser.js [chromium]
Running identity-pointer-save.browser.js [webkit]
PASS identity-pointer-save.browser.js [webkit]
Running identity-readback.transport.js [chromium]
PASS identity-readback.transport.js [chromium]
Running identity-readback.transport.js [webkit]
PASS identity-readback.transport.js [webkit]
Running identity-timezone-confirmation.browser.js [chromium]
PASS identity-timezone-confirmation.browser.js [chromium]
Running identity-timezone-confirmation.browser.js [webkit]
PASS identity-timezone-confirmation.browser.js [webkit]
Running onboarding-wom-fetch.test.js [default]
PASS onboarding-wom-fetch.test.js [default]
Running participant-add-dialog.test.js [default]
PASS participant-add-dialog.test.js [default]
Running participant-edit-dialog.test.js [default]
PASS participant-edit-dialog.test.js [default]
Running participants-ui.test.js [default]
PASS participants-ui.test.js [default]
Running public-countdown.test.js [default]
PASS public-countdown.test.js [default]
Running public-evidence.test.js [default]
PASS public-evidence.test.js [default]
Running public-header-popover.test.js [default]
PASS public-header-popover.test.js [default]
Running public-leaderboards.test.js [default]
PASS public-leaderboards.test.js [default]
Running public-recent-drops-live.test.js [default]
PASS public-recent-drops-live.test.js [default]
Running public-recent-drops.test.js [default]
PASS public-recent-drops.test.js [default]
Running schedule-readback.transport.js [default]
PASS schedule-readback.transport.js [default]
Running signup-code-settings.browser.js [default]
PASS signup-code-settings.browser.js [default]
Running signup-questions-overlay.test.js [default]
PASS signup-questions-overlay.test.js [default]
Running stats-production.test.js [default]
PASS stats-production.test.js [default]
Running team-board-overlay.test.js [default]
PASS team-board-overlay.test.js [default]
Running transient-toast.test.js [default]
PASS transient-toast.test.js [default]
JavaScript executions: 51 passed, 0 failed, 51 total.
