PASS chromium-desktop-light: 0 differences
PASS chromium-desktop-dark: 0 differences
PASS chromium-phone-light: 0 differences
PASS chromium-mobile-preferences: 0 differences
PASS chromium-dirty: 0 differences
PASS chromium-discard: 0 differences
PASS chromium-timezone-note: 0 differences
PASS chromium-timezone-dialog: 0 differences
PASS chromium-validation: 0 differences
PASS chromium-busy: 0 differences
PASS chromium-saved-toast: 0 differences
PASS chromium-finalized: 0 differences
PASS chromium-archived: 0 differences
PASS chromium-cancelled: 0 differences
PASS chromium-live: 0 differences
PASS chromium-collapsed: 0 differences
PASS chromium-event-menu: 0 differences
PASS chromium-account-menu: 0 differences
PASS chromium-uncertain: 0 differences
PASS chromium-uncertain-leave: 0 differences
PASS chromium-checking: 0 differences
PASS chromium-not-applied: 0 differences
PASS chromium-up-to-date: 0 differences
PASS chromium-conflict: 0 differences
PASS chromium-phone-toast: 0 differences
PASS chromium-skeleton: 0 differences
PASS chromium-failed-load: 0 differences
PASS chromium-copied: 0 differences
PASS chromium-copy-failed: 0 differences
PASS chromium-language-guard: 0 differences
PASS webkit-desktop-light: 0 differences
PASS webkit-desktop-dark: 0 differences
PASS webkit-phone-light: 0 differences
PASS webkit-mobile-preferences: 0 differences
PASS webkit-dirty: 0 differences
PASS webkit-discard: 0 differences
PASS webkit-timezone-note: 0 differences
PASS webkit-timezone-dialog: 0 differences
PASS webkit-validation: 0 differences
PASS webkit-busy: 0 differences
PASS webkit-saved-toast: 0 differences
PASS webkit-finalized: 0 differences
PASS webkit-archived: 0 differences
PASS webkit-cancelled: 0 differences
PASS webkit-live: 0 differences
PASS webkit-collapsed: 0 differences
PASS webkit-event-menu: 0 differences
PASS webkit-account-menu: 0 differences
PASS webkit-uncertain: 0 differences
PASS webkit-uncertain-leave: 0 differences
PASS webkit-checking: 0 differences
PASS webkit-not-applied: 0 differences
PASS webkit-up-to-date: 0 differences
PASS webkit-conflict: 0 differences
PASS webkit-phone-toast: 0 differences
PASS webkit-skeleton: 0 differences
PASS webkit-failed-load: 0 differences
PASS webkit-copied: 0 differences
PASS webkit-copy-failed: 0 differences
PASS webkit-language-guard: 0 differences
